// Jest Snapshot v1, https://goo.gl/fbAQLP

exports[`renders correctly 1`] = `
<nav
  className="breadcrumbs"
>
  <ul
    className="breadcrumbs__list"
  >
    <li
      className="breadcrumbs__item"
    >
      <a
        className="breadcrumbs__link"
        href="/parentPageLink"
        onClick={[Function]}
      >
        parentPage
      </a>
    </li>
    <li
      className="breadcrumbs__item"
    >
      <span
        className="breadcrumbs__link"
      >
        currentPage
      </span>
    </li>
  </ul>
</nav>
`;
